// Jest Snapshot v1, https://goo.gl/fbAQLP

exports[`<PostCard /> should match snapshot 1`] = `
<div
  class="post"
>
  <img
    alt="Titulo"
    src="http://img"
  />
  <div
    class="post-content"
  >
    <h1>
      Titulo
    </h1>
    <p>
      Body
    </p>
  </div>
</div>
`;
